0060dd46998890e2ba4832380800450000541b8b40004001c91ea9fe0101a9fe01020800c4d8023700019e559956000000002c700e0000000000101112131415161718191a1b1c1d1e1f202122232425262728292a2b2c2d2e2f3031323334353637
90e2ba4832380060dd4699880800450000540dd70000400116d3a9fe0102a9fe01010000ccd8023700019e559956000000002c700e0000000000101112131415161718191a1b1c1d1e1f202122232425262728292a2b2c2d2e2f3031323334353637
0060dd46998890e2ba4832380800450000541c1c40004001c88da9fe0101a9fe0102080085d8023700029f559956000000006a6f0e0000000000101112131415161718191a1b1c1d1e1f202122232425262728292a2b2c2d2e2f3031323334353637
90e2ba4832380060dd4699880800450000540e7d00004001162da9fe0102a9fe010100008dd8023700029f559956000000006a6f0e0000000000101112131415161718191a1b1c1d1e1f202122232425262728292a2b2c2d2e2f3031323334353637
0060dd46998890e2ba4832380800450000541cea40004001c7bfa9fe0101a9fe0102080084d702370003a0559956000000006a6f0e0000000000101112131415161718191a1b1c1d1e1f202122232425262728292a2b2c2d2e2f3031323334353637
90e2ba4832380060dd4699880800450000540f6000004001154aa9fe0102a9fe010100008cd702370003a0559956000000006a6f0e0000000000101112131415161718191a1b1c1d1e1f202122232425262728292a2b2c2d2e2f3031323334353637
0060dd46998890e2ba4832380800450000541d2240004001c787a9fe0101a9fe010208006bd602370004a155995600000000826f0e0000000000101112131415161718191a1b1c1d1e1f202122232425262728292a2b2c2d2e2f3031323334353637
90e2ba4832380060dd469988080045000054101d00004001148da9fe0102a9fe0101000073d602370004a155995600000000826f0e0000000000101112131415161718191a1b1c1d1e1f202122232425262728292a2b2c2d2e2f3031323334353637
0060dd46998890e2ba4832380800450000541d4040004001c769a9fe0101a9fe010208004bd502370005a255995600000000a16f0e0000000000101112131415161718191a1b1c1d1e1f202122232425262728292a2b2c2d2e2f3031323334353637
90e2ba4832380060dd469988080045000054106d00004001143da9fe0102a9fe0101000053d502370005a255995600000000a16f0e0000000000101112131415161718191a1b1c1d1e1f202122232425262728292a2b2c2d2e2f3031323334353637
